// Jest Snapshot v1, https://goo.gl/fbAQLP

exports[`<MenuItemEnhanced/> Render <Menu/> 1`] = `
<DocumentFragment>
  <li
    class="af-nav__item "
    role="none"
  >
    <span
      aria-expanded="false"
      class="af-nav__link"
      role="menuitem"
      tabindex="-1"
    >
      test
    </span>
  </li>
</DocumentFragment>
`;

exports[`<MenuItemEnhanced/> Render <Menu/> hasChild 1`] = `
<DocumentFragment>
  <li
    class="af-nav__item af-nav__item--haschild "
    role="none"
  >
    <span
      aria-expanded="false"
      class="af-nav__link"
      role="menuitem"
      tabindex="-1"
    >
      test
    </span>
    <i
      class="glyphicon glyphicon-arrow-xs-down"
    />
    <ul
      aria-label=""
      class="af-nav__list af-nav__list--children"
      role="menu"
    >
      <li
        class="af-nav__item "
        role="none"
      >
        <a
          aria-expanded="false"
          aria-haspopup="true"
          aria-label="Accueil"
          class="af-nav__link"
          href="/accueil"
          role="menuitem"
          tabindex="-1"
        >
          Accueil
        </a>
      </li>
      <li
        class="af-nav__item "
        role="none"
      >
        <a
          aria-expanded="false"
          aria-haspopup="true"
          aria-label="Membres"
          class="af-nav__link"
          href="/members"
          role="menuitem"
          tabindex="-1"
        >
          Membres
        </a>
      </li>
      <li
        class="af-nav__item "
        role="none"
      >
        <a
          aria-expanded="false"
          aria-haspopup="true"
          aria-label="Slash DS"
          class="af-nav__link"
          href="/slash"
          role="menuitem"
          tabindex="-1"
        >
          Slash DS
        </a>
      </li>
    </ul>
  </li>
</DocumentFragment>
`;

exports[`<MenuItemEnhanced/> Render <Menu/> with 1`] = `
<DocumentFragment>
  <li
    class="af-nav__item "
    role="none"
  >
    <a
      aria-expanded="false"
      aria-haspopup="true"
      aria-label="test"
      class="af-nav__link"
      href="/demos/path"
      role="menuitem"
      tabindex="-1"
    >
      test
    </a>
  </li>
</DocumentFragment>
`;
