// Jest Snapshot v1, https://goo.gl/fbAQLP

exports[`<CodeEditor/> Should render CodeEditor 1`] = `
<DocumentFragment>
  <button
    class="btn af-btn"
    type="submit"
  >
    <span
      class="af-btn__text"
    >
      Edit children
    </span>
  </button>
</DocumentFragment>
`;
