// Jest Snapshot v1, https://goo.gl/fbAQLP

exports[`<Menu /> Render <Menu /> 1`] = `
<DocumentFragment>
  <section
    class="af-menu"
  >
    <div
      class="af-nav-container"
    >
      <button
        aria-controls="mainmenu"
        aria-haspopup="true"
        aria-label="Open Menu"
        class="mask fade show"
        id="togglemenu"
        type="button"
      />
      <nav
        aria-label="Menu principal"
        class="af-nav af-drawer left true"
        role="navigation"
      >
        <div
          class="container af-nav__wrapper"
        >
          <div
            class="af-nav__aside-header"
          >
            <h4
              class="af-nav__aside-title"
            >
              Menu
            </h4>
            <button
              aria-controls="mainmenu"
              aria-haspopup="true"
              aria-label="Close Menu"
              class="af-nav__aside-close"
              id="togglemenu"
              type="button"
            >
              ×
            </button>
          </div>
          <ul
            aria-labelledby="togglemenu"
            class="af-nav__list "
            id="mainmenu"
            role="menubar"
          >
            <li
              class="af-nav__item af-nav__item--active "
              role="none"
            >
              <a
                aria-expanded="false"
                aria-haspopup="true"
                aria-label="Accueil"
                class="af-nav__link"
                href="/"
                index="0"
                role="menuitem"
                tabindex="0"
              >
                Accueil
              </a>
            </li>
            <li
              class="af-nav__item af-nav__item--haschild "
              role="none"
            >
              <a
                aria-expanded="false"
                aria-haspopup="true"
                aria-label="Démos"
                basepathchildren="/demos"
                class="af-nav__link"
                href="/demos"
                index="1"
                role="menuitem"
                tabindex="-1"
              >
                Démos
              </a>
              <i
                class="glyphicon glyphicon-arrow-xs-down"
              />
              <ul
                aria-label=""
                class="af-nav__list af-nav__list--children"
                role="menu"
              >
                <li
                  class="af-nav__item "
                  role="none"
                >
                  <a
                    aria-expanded="false"
                    aria-haspopup="true"
                    aria-label="Membres"
                    class="af-nav__link"
                    href="/members"
                    role="menuitem"
                    tabindex="-1"
                  >
                    Membres
                  </a>
                </li>
                <li
                  class="af-nav__item "
                  role="none"
                >
                  <a
                    aria-expanded="false"
                    aria-haspopup="true"
                    aria-label="Rechercher"
                    class="af-nav__link"
                    href="/searchMembers"
                    role="menuitem"
                    tabindex="-1"
                  >
                    Rechercher
                  </a>
                </li>
                <li
                  class="af-nav__item "
                  role="none"
                >
                  <a
                    aria-expanded="false"
                    aria-haspopup="true"
                    aria-label="Modal"
                    class="af-nav__link"
                    href="/modalCustom"
                    role="menuitem"
                    tabindex="-1"
                  >
                    Modal
                  </a>
                </li>
                <li
                  class="af-nav__item "
                  role="none"
                >
                  <a
                    aria-expanded="false"
                    aria-haspopup="true"
                    aria-label="Notification"
                    class="af-nav__link"
                    href="/notification"
                    role="menuitem"
                    tabindex="-1"
                  >
                    Notification
                  </a>
                </li>
              </ul>
            </li>
            <li
              class="af-nav__item af-nav__item--haschild "
              role="none"
            >
              <a
                aria-expanded="false"
                aria-haspopup="true"
                aria-label="Toolkit components"
                basepathchildren="/demos"
                class="af-nav__link"
                href="/demos"
                index="2"
                role="menuitem"
                tabindex="-1"
              >
                Toolkit components
              </a>
              <i
                class="glyphicon glyphicon-arrow-xs-down"
              />
              <ul
                aria-label=""
                class="af-nav__list af-nav__list--children"
                role="menu"
              >
                <li
                  class="af-nav__item "
                  role="none"
                >
                  <a
                    aria-expanded="false"
                    aria-haspopup="true"
                    aria-label="Accordion"
                    class="af-nav__link"
                    href="/accordion"
                    role="menuitem"
                    tabindex="-1"
                  >
                    Accordion
                  </a>
                </li>
                <li
                  class="af-nav__item "
                  role="none"
                >
                  <a
                    aria-expanded="false"
                    aria-haspopup="true"
                    aria-label="Action"
                    class="af-nav__link"
                    href="/action"
                    role="menuitem"
                    tabindex="-1"
                  >
                    Action
                  </a>
                </li>
                <li
                  class="af-nav__item "
                  role="none"
                >
                  <a
                    aria-expanded="false"
                    aria-haspopup="true"
                    aria-label="Alert"
                    class="af-nav__link"
                    href="/alert"
                    role="menuitem"
                    tabindex="-1"
                  >
                    Alert
                  </a>
                </li>
                <li
                  class="af-nav__item "
                  role="none"
                >
                  <a
                    aria-expanded="false"
                    aria-haspopup="true"
                    aria-label="Badge"
                    class="af-nav__link"
                    href="/badge"
                    role="menuitem"
                    tabindex="-1"
                  >
                    Badge
                  </a>
                </li>
                <li
                  class="af-nav__item "
                  role="none"
                >
                  <a
                    aria-expanded="false"
                    aria-haspopup="true"
                    aria-label="Button"
                    class="af-nav__link"
                    href="/button"
                    role="menuitem"
                    tabindex="-1"
                  >
                    Button
                  </a>
                </li>
                <li
                  class="af-nav__item "
                  role="none"
                >
                  <a
                    aria-expanded="false"
                    aria-haspopup="true"
                    aria-label="Help"
                    class="af-nav__link"
                    href="/help"
                    role="menuitem"
                    tabindex="-1"
                  >
                    Help
                  </a>
                </li>
                <li
                  class="af-nav__item "
                  role="none"
                >
                  <a
                    aria-expanded="false"
                    aria-haspopup="true"
                    aria-label="Loader"
                    class="af-nav__link"
                    href="/loader"
                    role="menuitem"
                    tabindex="-1"
                  >
                    Loader
                  </a>
                </li>
                <li
                  class="af-nav__item "
                  role="none"
                >
                  <a
                    aria-expanded="false"
                    aria-haspopup="true"
                    aria-label="Modal"
                    class="af-nav__link"
                    href="/modal"
                    role="menuitem"
                    tabindex="-1"
                  >
                    Modal
                  </a>
                </li>
                <li
                  class="af-nav__item "
                  role="none"
                >
                  <a
                    aria-expanded="false"
                    aria-haspopup="true"
                    aria-label="Popover"
                    class="af-nav__link"
                    href="/popover"
                    role="menuitem"
                    tabindex="-1"
                  >
                    Popover
                  </a>
                </li>
                <li
                  class="af-nav__item "
                  role="none"
                >
                  <a
                    aria-expanded="false"
                    aria-haspopup="true"
                    aria-label="Restitution"
                    class="af-nav__link"
                    href="/restitution"
                    role="menuitem"
                    tabindex="-1"
                  >
                    Restitution
                  </a>
                </li>
                <li
                  class="af-nav__item "
                  role="none"
                >
                  <a
                    aria-expanded="false"
                    aria-haspopup="true"
                    aria-label="Table"
                    class="af-nav__link"
                    href="/table"
                    role="menuitem"
                    tabindex="-1"
                  >
                    Table
                  </a>
                </li>
                <li
                  class="af-nav__item "
                  role="none"
                >
                  <a
                    aria-expanded="false"
                    aria-haspopup="true"
                    aria-label="Tabs"
                    class="af-nav__link"
                    href="/tabs"
                    role="menuitem"
                    tabindex="-1"
                  >
                    Tabs
                  </a>
                </li>
                <li
                  class="af-nav__item "
                  role="none"
                >
                  <a
                    aria-expanded="false"
                    aria-haspopup="true"
                    aria-label="Title"
                    class="af-nav__link"
                    href="/title"
                    role="menuitem"
                    tabindex="-1"
                  >
                    Title
                  </a>
                </li>
              </ul>
            </li>
            <li
              class="af-nav__item af-nav__item--haschild "
              role="none"
            >
              <a
                aria-expanded="false"
                aria-haspopup="true"
                aria-label="Toolkit structure"
                basepathchildren="/demos"
                class="af-nav__link"
                href="/demos"
                index="3"
                role="menuitem"
                tabindex="-1"
              >
                Toolkit structure
              </a>
              <i
                class="glyphicon glyphicon-arrow-xs-down"
              />
              <ul
                aria-label=""
                class="af-nav__list af-nav__list--children"
                role="menu"
              >
                <li
                  class="af-nav__item "
                  role="none"
                >
                  <a
                    aria-expanded="false"
                    aria-haspopup="true"
                    aria-label="Footer"
                    class="af-nav__link"
                    href="/footer"
                    role="menuitem"
                    tabindex="-1"
                  >
                    Footer
                  </a>
                </li>
                <li
                  class="af-nav__item "
                  role="none"
                >
                  <a
                    aria-expanded="false"
                    aria-haspopup="true"
                    aria-label="Footer Client"
                    class="af-nav__link"
                    href="/footerClient"
                    role="menuitem"
                    tabindex="-1"
                  >
                    Footer Client
                  </a>
                </li>
                <li
                  class="af-nav__item "
                  role="none"
                >
                  <a
                    aria-expanded="false"
                    aria-haspopup="true"
                    aria-label="Header"
                    class="af-nav__link"
                    href="/header"
                    role="menuitem"
                    tabindex="-1"
                  >
                    Header
                  </a>
                </li>
                <li
                  class="af-nav__item "
                  role="none"
                >
                  <a
                    aria-expanded="false"
                    aria-haspopup="true"
                    aria-label="Infos"
                    class="af-nav__link"
                    href="/infos"
                    role="menuitem"
                    tabindex="-1"
                  >
                    Infos
                  </a>
                </li>
                <li
                  class="af-nav__item "
                  role="none"
                >
                  <a
                    aria-expanded="false"
                    aria-haspopup="true"
                    aria-label="NavBar"
                    class="af-nav__link"
                    href="/navbar"
                    role="menuitem"
                    tabindex="-1"
                  >
                    NavBar
                  </a>
                </li>
                <li
                  class="af-nav__item "
                  role="none"
                >
                  <a
                    aria-expanded="false"
                    aria-haspopup="true"
                    aria-label="TitleBar"
                    class="af-nav__link"
                    href="/titlebar"
                    role="menuitem"
                    tabindex="-1"
                  >
                    TitleBar
                  </a>
                </li>
              </ul>
            </li>
            <li
              class="af-nav__item af-nav__item--haschild "
              role="none"
            >
              <a
                aria-expanded="false"
                aria-haspopup="true"
                aria-label="Toolkit form components"
                basepathchildren="/demos"
                class="af-nav__link"
                href="/demos"
                index="4"
                role="menuitem"
                tabindex="-1"
              >
                Toolkit form components
              </a>
              <i
                class="glyphicon glyphicon-arrow-xs-down"
              />
              <ul
                aria-label=""
                class="af-nav__list af-nav__list--children"
                role="menu"
              >
                <li
                  class="af-nav__item "
                  role="none"
                >
                  <a
                    aria-expanded="false"
                    aria-haspopup="true"
                    aria-label="Checkbox Input"
                    class="af-nav__link"
                    href="/checkboxInput"
                    role="menuitem"
                    tabindex="-1"
                  >
                    Checkbox Input
                  </a>
                </li>
                <li
                  class="af-nav__item "
                  role="none"
                >
                  <a
                    aria-expanded="false"
                    aria-haspopup="true"
                    aria-label="Date Input"
                    class="af-nav__link"
                    href="/dateInput"
                    role="menuitem"
                    tabindex="-1"
                  >
                    Date Input
                  </a>
                </li>
                <li
                  class="af-nav__item "
                  role="none"
                >
                  <a
                    aria-expanded="false"
                    aria-haspopup="true"
                    aria-label="File"
                    class="af-nav__link"
                    href="/fileInput"
                    role="menuitem"
                    tabindex="-1"
                  >
                    File
                  </a>
                </li>
                <li
                  class="af-nav__item "
                  role="none"
                >
                  <a
                    aria-expanded="false"
                    aria-haspopup="true"
                    aria-label="Number Input"
                    class="af-nav__link"
                    href="/numberInput"
                    role="menuitem"
                    tabindex="-1"
                  >
                    Number Input
                  </a>
                </li>
                <li
                  class="af-nav__item "
                  role="none"
                >
                  <a
                    aria-expanded="false"
                    aria-haspopup="true"
                    aria-label="Radio Input"
                    class="af-nav__link"
                    href="/radioInput"
                    role="menuitem"
                    tabindex="-1"
                  >
                    Radio Input
                  </a>
                </li>
                <li
                  class="af-nav__item "
                  role="none"
                >
                  <a
                    aria-expanded="false"
                    aria-haspopup="true"
                    aria-label="Select Input"
                    class="af-nav__link"
                    href="/selectInput"
                    role="menuitem"
                    tabindex="-1"
                  >
                    Select Input
                  </a>
                </li>
                <li
                  class="af-nav__item "
                  role="none"
                >
                  <a
                    aria-expanded="false"
                    aria-haspopup="true"
                    aria-label="Select Multi"
                    class="af-nav__link"
                    href="/selectMulti"
                    role="menuitem"
                    tabindex="-1"
                  >
                    Select Multi
                  </a>
                </li>
                <li
                  class="af-nav__item "
                  role="none"
                >
                  <a
                    aria-expanded="false"
                    aria-haspopup="true"
                    aria-label="Slider"
                    class="af-nav__link"
                    href="/slider"
                    role="menuitem"
                    tabindex="-1"
                  >
                    Slider
                  </a>
                </li>
                <li
                  class="af-nav__item "
                  role="none"
                >
                  <a
                    aria-expanded="false"
                    aria-haspopup="true"
                    aria-label="Stepper"
                    class="af-nav__link"
                    href="/stepper"
                    role="menuitem"
                    tabindex="-1"
                  >
                    Stepper
                  </a>
                </li>
                <li
                  class="af-nav__item "
                  role="none"
                >
                  <a
                    aria-expanded="false"
                    aria-haspopup="true"
                    aria-label="Switch"
                    class="af-nav__link"
                    href="/switch"
                    role="menuitem"
                    tabindex="-1"
                  >
                    Switch
                  </a>
                </li>
                <li
                  class="af-nav__item "
                  role="none"
                >
                  <a
                    aria-expanded="false"
                    aria-haspopup="true"
                    aria-label="Textarea Input"
                    class="af-nav__link"
                    href="/textareaInput"
                    role="menuitem"
                    tabindex="-1"
                  >
                    Textarea Input
                  </a>
                </li>
                <li
                  class="af-nav__item "
                  role="none"
                >
                  <a
                    aria-expanded="false"
                    aria-haspopup="true"
                    aria-label="Text Input"
                    class="af-nav__link"
                    href="/textInput"
                    role="menuitem"
                    tabindex="-1"
                  >
                    Text Input
                  </a>
                </li>
              </ul>
            </li>
            <li
              class="af-nav__item af-nav__item--haschild "
              role="none"
            >
              <span
                aria-expanded="false"
                class="af-nav__link"
                index="5"
                role="menuitem"
                tabindex="-1"
              >
                Pages
              </span>
              <i
                class="glyphicon glyphicon-arrow-xs-down"
              />
              <ul
                aria-label=""
                class="af-nav__list af-nav__list--children"
                role="menu"
              >
                <li
                  class="af-nav__item "
                  role="none"
                >
                  <a
                    aria-expanded="false"
                    aria-haspopup="true"
                    aria-label="Not found"
                    class="af-nav__link"
                    href="/notFound"
                    role="menuitem"
                    tabindex="-1"
                  >
                    Not found
                  </a>
                </li>
                <li
                  class="af-nav__item "
                  role="none"
                >
                  <a
                    aria-expanded="false"
                    aria-haspopup="true"
                    aria-label="Forbidden"
                    class="af-nav__link"
                    href="/unauthorize"
                    role="menuitem"
                    tabindex="-1"
                  >
                    Forbidden
                  </a>
                </li>
              </ul>
            </li>
            <li
              class="af-nav__item "
              role="none"
            >
              <a
                aria-expanded="false"
                aria-haspopup="true"
                aria-label="Layout"
                class="af-nav__link"
                href="/demos/layout"
                index="6"
                role="menuitem"
                tabindex="-1"
              >
                Layout
              </a>
            </li>
          </ul>
        </div>
      </nav>
    </div>
  </section>
</DocumentFragment>
`;
