// Jest Snapshot v1, https://goo.gl/fbAQLP

exports[`<MenuEnhanced /> Render <Menu /> fullscreen 1`] = `
<DocumentFragment>
  <section
    class="af-menu af-menu--fullscreen"
  >
    <div
      class="af-nav-container"
    >
      <button
        aria-controls="mainmenu"
        aria-haspopup="true"
        aria-label="Open Menu"
        class="mask fade "
        id="togglemenu"
        type="button"
      />
      <nav
        aria-label="Menu principal"
        class="af-nav af-drawer left false"
        role="navigation"
      >
        <div
          class="container af-nav__wrapper"
        >
          <div
            class="af-nav__aside-header"
          >
            <h4
              class="af-nav__aside-title"
            >
              Menu
            </h4>
            <button
              aria-controls="mainmenu"
              aria-haspopup="true"
              aria-label="Close Menu"
              class="af-nav__aside-close"
              id="togglemenu"
              type="button"
            >
              ×
            </button>
          </div>
          <ul
            aria-labelledby="togglemenu"
            class="af-nav__list "
            id="mainmenu"
            role="menubar"
          >
            <li
              class="af-nav__item af-nav__item--active "
              role="none"
            >
              <a
                aria-expanded="false"
                aria-haspopup="true"
                aria-label="Accueil"
                class="af-nav__link"
                href="/"
                index="0"
                role="menuitem"
                tabindex="0"
              >
                Accueil
              </a>
            </li>
            <li
              class="af-nav__item af-nav__item--haschild "
              role="none"
            >
              <a
                aria-expanded="false"
                aria-haspopup="true"
                aria-label="Démos"
                class="af-nav__link"
                href="/demos"
                index="1"
                role="menuitem"
                tabindex="-1"
              >
                Démos
              </a>
              <i
                class="glyphicon glyphicon-arrow-xs-down"
              />
              <ul
                aria-label=""
                class="af-nav__list af-nav__list--children"
                role="menu"
              >
                <li
                  class="af-nav__item af-nav__item--separator "
                  role="none"
                >
                  <span
                    aria-expanded="false"
                    class="af-nav__link"
                    role="menuitem"
                    tabindex="-1"
                  >
                    Pages
                  </span>
                </li>
                <li
                  class="af-nav__item "
                  role="none"
                >
                  <a
                    aria-expanded="false"
                    aria-haspopup="true"
                    aria-label="Membres"
                    class="af-nav__link"
                    href="/demos/members"
                    role="menuitem"
                    tabindex="-1"
                  >
                    Membres
                  </a>
                </li>
                <li
                  class="af-nav__item "
                  role="none"
                >
                  <a
                    aria-expanded="false"
                    aria-haspopup="true"
                    aria-label="Rechercher"
                    class="af-nav__link"
                    href="/demos/search-members"
                    role="menuitem"
                    tabindex="-1"
                  >
                    Rechercher
                  </a>
                </li>
                <li
                  class="af-nav__item af-nav__item--separator "
                  role="none"
                >
                  <span
                    aria-expanded="false"
                    class="af-nav__link"
                    role="menuitem"
                    tabindex="-1"
                  >
                    Composants
                  </span>
                </li>
                <li
                  class="af-nav__item "
                  role="none"
                >
                  <a
                    aria-expanded="false"
                    aria-haspopup="true"
                    aria-label="Modal"
                    class="af-nav__link"
                    href="/demos/modal"
                    role="menuitem"
                    tabindex="-1"
                  >
                    Modal
                  </a>
                </li>
                <li
                  class="af-nav__item "
                  role="none"
                >
                  <a
                    aria-expanded="false"
                    aria-haspopup="true"
                    aria-label="Button"
                    class="af-nav__link"
                    href="/demos/button"
                    role="menuitem"
                    tabindex="-1"
                  >
                    Button
                  </a>
                </li>
                <li
                  class="af-nav__item "
                  role="none"
                >
                  <a
                    aria-expanded="false"
                    aria-haspopup="true"
                    aria-label="Notification"
                    class="af-nav__link"
                    href="/demos/notification"
                    role="menuitem"
                    tabindex="-1"
                  >
                    Notification
                  </a>
                </li>
              </ul>
            </li>
            <li
              class="af-nav__item af-nav__item--haschild "
              role="none"
            >
              <span
                aria-expanded="false"
                class="af-nav__link"
                index="2"
                role="menuitem"
                tabindex="-1"
              >
                Pages
              </span>
              <i
                class="glyphicon glyphicon-arrow-xs-down"
              />
              <ul
                aria-label=""
                class="af-nav__list af-nav__list--children"
                role="menu"
              >
                <li
                  class="af-nav__item "
                  role="none"
                >
                  <a
                    aria-expanded="false"
                    aria-haspopup="true"
                    aria-label="Not found"
                    class="af-nav__link"
                    href="/notfound"
                    role="menuitem"
                    tabindex="-1"
                  >
                    Not found
                  </a>
                </li>
                <li
                  class="af-nav__item "
                  role="none"
                >
                  <a
                    aria-expanded="false"
                    aria-haspopup="true"
                    aria-label="Forbidden"
                    class="af-nav__link"
                    href="/forbidden"
                    role="menuitem"
                    tabindex="-1"
                  >
                    Forbidden
                  </a>
                </li>
              </ul>
            </li>
          </ul>
        </div>
      </nav>
    </div>
  </section>
  <a
    aria-controls="mainmenu"
    aria-haspopup="true"
    class="btn af-title-bar__mobile-menu af-btn--circle"
    href="/#"
    id="opentogglemenu"
    role="button"
    tabindex="0"
    title="Open toggle menu"
  >
    <i
      class="glyphicon glyphicon-menu-hamburger"
    />
  </a>
</DocumentFragment>
`;

exports[`<MenuEnhanced /> Render <Menu/> 1`] = `
<DocumentFragment>
  <section
    class="af-menu"
  >
    <div
      class="af-nav-container"
    >
      <button
        aria-controls="mainmenu"
        aria-haspopup="true"
        aria-label="Open Menu"
        class="mask fade "
        id="togglemenu"
        type="button"
      />
      <nav
        aria-label="Menu principal"
        class="af-nav af-drawer left false"
        role="navigation"
      >
        <div
          class="container af-nav__wrapper"
        >
          <div
            class="af-nav__aside-header"
          >
            <h4
              class="af-nav__aside-title"
            >
              Menu
            </h4>
            <button
              aria-controls="mainmenu"
              aria-haspopup="true"
              aria-label="Close Menu"
              class="af-nav__aside-close"
              id="togglemenu"
              type="button"
            >
              ×
            </button>
          </div>
          <ul
            aria-labelledby="togglemenu"
            class="af-nav__list "
            id="mainmenu"
            role="menubar"
          >
            <li
              class="af-nav__item af-nav__item--active "
              role="none"
            >
              <a
                aria-expanded="false"
                aria-haspopup="true"
                aria-label="Accueil"
                class="af-nav__link"
                href="/"
                index="0"
                role="menuitem"
                tabindex="0"
              >
                Accueil
              </a>
            </li>
            <li
              class="af-nav__item af-nav__item--haschild "
              role="none"
            >
              <a
                aria-expanded="false"
                aria-haspopup="true"
                aria-label="Démos"
                class="af-nav__link"
                href="/demos"
                index="1"
                role="menuitem"
                tabindex="-1"
              >
                Démos
              </a>
              <i
                class="glyphicon glyphicon-arrow-xs-down"
              />
              <ul
                aria-label=""
                class="af-nav__list af-nav__list--children"
                role="menu"
              >
                <li
                  class="af-nav__item af-nav__item--separator "
                  role="none"
                >
                  <span
                    aria-expanded="false"
                    class="af-nav__link"
                    role="menuitem"
                    tabindex="-1"
                  >
                    Pages
                  </span>
                </li>
                <li
                  class="af-nav__item "
                  role="none"
                >
                  <a
                    aria-expanded="false"
                    aria-haspopup="true"
                    aria-label="Membres"
                    class="af-nav__link"
                    href="/demos/members"
                    role="menuitem"
                    tabindex="-1"
                  >
                    Membres
                  </a>
                </li>
                <li
                  class="af-nav__item "
                  role="none"
                >
                  <a
                    aria-expanded="false"
                    aria-haspopup="true"
                    aria-label="Rechercher"
                    class="af-nav__link"
                    href="/demos/search-members"
                    role="menuitem"
                    tabindex="-1"
                  >
                    Rechercher
                  </a>
                </li>
                <li
                  class="af-nav__item af-nav__item--separator "
                  role="none"
                >
                  <span
                    aria-expanded="false"
                    class="af-nav__link"
                    role="menuitem"
                    tabindex="-1"
                  >
                    Composants
                  </span>
                </li>
                <li
                  class="af-nav__item "
                  role="none"
                >
                  <a
                    aria-expanded="false"
                    aria-haspopup="true"
                    aria-label="Modal"
                    class="af-nav__link"
                    href="/demos/modal"
                    role="menuitem"
                    tabindex="-1"
                  >
                    Modal
                  </a>
                </li>
                <li
                  class="af-nav__item "
                  role="none"
                >
                  <a
                    aria-expanded="false"
                    aria-haspopup="true"
                    aria-label="Button"
                    class="af-nav__link"
                    href="/demos/button"
                    role="menuitem"
                    tabindex="-1"
                  >
                    Button
                  </a>
                </li>
                <li
                  class="af-nav__item "
                  role="none"
                >
                  <a
                    aria-expanded="false"
                    aria-haspopup="true"
                    aria-label="Notification"
                    class="af-nav__link"
                    href="/demos/notification"
                    role="menuitem"
                    tabindex="-1"
                  >
                    Notification
                  </a>
                </li>
              </ul>
            </li>
            <li
              class="af-nav__item af-nav__item--haschild "
              role="none"
            >
              <span
                aria-expanded="false"
                class="af-nav__link"
                index="2"
                role="menuitem"
                tabindex="-1"
              >
                Pages
              </span>
              <i
                class="glyphicon glyphicon-arrow-xs-down"
              />
              <ul
                aria-label=""
                class="af-nav__list af-nav__list--children"
                role="menu"
              >
                <li
                  class="af-nav__item "
                  role="none"
                >
                  <a
                    aria-expanded="false"
                    aria-haspopup="true"
                    aria-label="Not found"
                    class="af-nav__link"
                    href="/notfound"
                    role="menuitem"
                    tabindex="-1"
                  >
                    Not found
                  </a>
                </li>
                <li
                  class="af-nav__item "
                  role="none"
                >
                  <a
                    aria-expanded="false"
                    aria-haspopup="true"
                    aria-label="Forbidden"
                    class="af-nav__link"
                    href="/forbidden"
                    role="menuitem"
                    tabindex="-1"
                  >
                    Forbidden
                  </a>
                </li>
              </ul>
            </li>
          </ul>
        </div>
      </nav>
    </div>
  </section>
  <a
    aria-controls="mainmenu"
    aria-haspopup="true"
    class="btn af-title-bar__mobile-menu af-btn--circle"
    href="/#"
    id="opentogglemenu"
    role="button"
    tabindex="0"
    title="Open toggle menu"
  >
    <i
      class="glyphicon glyphicon-menu-hamburger"
    />
  </a>
</DocumentFragment>
`;
