// Jest Snapshot v1, https://goo.gl/fbAQLP

exports[`<DownloadLinkEnhanced /> Should call getDownloadPathFn and setFileNameFn with proper params 1`] = `
<DocumentFragment>
  <div
    class="af-loader af-loader--fullscreen"
  >
    <button
      aria-label="Télécharger"
      class="af-link af-link--hasIconLeft af-link--download"
      type="button"
    >
      <svg
        aria-labelledby="title"
        class="af-download-link__icon"
        role="img"
        viewBox="0 0 100 100"
      >
        <title>
          download-csv
        </title>
        <path
          d="M70.4 5H13.9v90h72.2V20.7L70.4 5zM83 91.2H50v-7.8h24.7V67.8H49.9v-5.2L63 39.8h-6.8V16.9H43.5v22.9h-6.8l13.1 22.7v5.2H25v15.6h24.8v7.8H16.7V8.4h53.8v12.3H83v70.5zM49.7 76.3l-1-.4c-.8-.3-1.6-1-1.6-2.2 0-1.3 1.2-2.4 2.9-2.4.9 0 1.9.3 2.6 1l-1 1.3c-.5-.4-1-.6-1.6-.6-.5 0-.8.2-.8.5 0 .4.4.5 1.2.8l.9.4c1 .4 1.5 1.1 1.5 2.1 0 1.3-1.1 2.5-3 2.5-1 0-2.1-.4-3-1.1l1.2-1.4c.6.4 1.2.8 1.8.8.6 0 .9-.2.9-.6 0-.3-.4-.4-1-.7zm3.4-4.8h2.2l.8 3.4c.2.8.4 1.6.6 2.5.2-.8.4-1.6.6-2.5l.8-3.4h2.1l-2.3 7.8h-2.5l-2.3-7.8zm-9 6.1c.6 0 1.1-.3 1.4-.7l1.1 1.3c-.7.8-1.6 1.2-2.6 1.2-2 0-3.7-1.3-3.7-4 0-2.6 1.8-4.1 3.8-4.1 1 0 1.9.5 2.4 1l-1.1 1.3c-.4-.3-.8-.6-1.3-.6-.9 0-1.7.8-1.7 2.3 0 1.5.7 2.3 1.7 2.3z"
        />
      </svg>
      <span
        class="af-link__text"
      >
        Télécharger
      </span>
    </button>
  </div>
</DocumentFragment>
`;

exports[`<DownloadLinkEnhanced /> Should call getDownloadPathFn and setFileNameFn with proper params 2  1`] = `
<DocumentFragment>
  <div
    class="af-loader af-loader--fullscreen"
  >
    <button
      aria-label="Télécharger"
      class="af-link af-link--hasIconLeft af-link--download"
      type="button"
    >
      <svg
        aria-labelledby="title"
        class="af-download-link__icon"
        role="img"
        viewBox="0 0 100 100"
      >
        <title>
          download-csv
        </title>
        <path
          d="M70.4 5H13.9v90h72.2V20.7L70.4 5zM83 91.2H50v-7.8h24.7V67.8H49.9v-5.2L63 39.8h-6.8V16.9H43.5v22.9h-6.8l13.1 22.7v5.2H25v15.6h24.8v7.8H16.7V8.4h53.8v12.3H83v70.5zM49.7 76.3l-1-.4c-.8-.3-1.6-1-1.6-2.2 0-1.3 1.2-2.4 2.9-2.4.9 0 1.9.3 2.6 1l-1 1.3c-.5-.4-1-.6-1.6-.6-.5 0-.8.2-.8.5 0 .4.4.5 1.2.8l.9.4c1 .4 1.5 1.1 1.5 2.1 0 1.3-1.1 2.5-3 2.5-1 0-2.1-.4-3-1.1l1.2-1.4c.6.4 1.2.8 1.8.8.6 0 .9-.2.9-.6 0-.3-.4-.4-1-.7zm3.4-4.8h2.2l.8 3.4c.2.8.4 1.6.6 2.5.2-.8.4-1.6.6-2.5l.8-3.4h2.1l-2.3 7.8h-2.5l-2.3-7.8zm-9 6.1c.6 0 1.1-.3 1.4-.7l1.1 1.3c-.7.8-1.6 1.2-2.6 1.2-2 0-3.7-1.3-3.7-4 0-2.6 1.8-4.1 3.8-4.1 1 0 1.9.5 2.4 1l-1.1 1.3c-.4-.3-.8-.6-1.3-.6-.9 0-1.7.8-1.7 2.3 0 1.5.7 2.3 1.7 2.3z"
        />
      </svg>
      <span
        class="af-link__text"
      >
        Télécharger
      </span>
    </button>
  </div>
</DocumentFragment>
`;

exports[`<SearchMembers/> Should render <SearchMembers /> with one member 1`] = `
<DocumentFragment>
  <div
    class="af-header"
  >
    <div
      class="container af-header__wrapper"
    >
      <header
        class="af-header__content"
        role="banner"
      >
        <div
          class="af-header__name"
        >
          <a
            class="af-logo"
            href="/"
          >
            <img
              alt="Toolkit React Starter"
              class="af-logo__brand"
              src="slash-logo.svg"
            />
          </a>
          <h2
            class="af-header__title"
          >
            Toolkit React Starter
            <span
              class="af-header__subtitle"
            >
              by Slash Design System
            </span>
          </h2>
        </div>
        <div
          class="af-info-user"
        >
          <a
            class="af-info-user__link"
            href="#"
            title="Voir mon profil"
          >
            <span
              class="af-info-user__name"
            />
          </a>
        </div>
      </header>
    </div>
  </div>
  <div
    class="af-nav-container"
  >
    <button
      aria-controls="mainmenu"
      aria-haspopup="true"
      class="mask fade "
      id="togglemenu"
      type="button"
    />
    <nav
      aria-label="Menu principal"
      class="af-nav af-drawer left "
      role="navigation"
    >
      <div
        class="container af-nav__wrapper"
      >
        <div
          class="af-nav__aside-header"
        >
          <h4
            class="af-nav__aside-title"
          >
            Menu
          </h4>
          <button
            aria-controls="mainmenu"
            aria-haspopup="true"
            class="af-nav__aside-close"
            id="togglemenu"
            type="button"
          >
            ×
          </button>
        </div>
        <ul
          aria-labelledby="togglemenu"
          class="af-nav__list "
          id="mainmenu"
          role="menubar"
        >
          <li
            class="af-nav__item af-nav__item--active "
            role="none"
          >
            <a
              aria-expanded="false"
              aria-haspopup="true"
              aria-label="Accueil"
              class="af-nav__link"
              href="/"
              role="menuitem"
              tabindex="0"
            >
              Accueil
            </a>
          </li>
          <li
            class="af-nav__item af-nav__item--haschild "
            role="none"
          >
            <a
              aria-expanded="false"
              aria-haspopup="true"
              aria-label="Démos"
              class="af-nav__link"
              href="/demos"
              role="menuitem"
              tabindex="-1"
            >
              Démos
            </a>
            <i
              class="glyphicon glyphicon-arrow-xs-down"
            />
            <ul
              aria-label=""
              class="af-nav__list af-nav__list--children"
              role="menu"
            >
              <li
                class="af-nav__item af-nav__item--separator "
                role="none"
              >
                <span
                  aria-expanded="false"
                  class="af-nav__link"
                  role="menuitem"
                  tabindex="-1"
                >
                  Pages
                </span>
              </li>
              <li
                class="af-nav__item "
                role="none"
              >
                <a
                  aria-expanded="false"
                  aria-haspopup="true"
                  aria-label="Membres"
                  class="af-nav__link"
                  href="/demos/members"
                  role="menuitem"
                  tabindex="-1"
                >
                  Membres
                </a>
              </li>
              <li
                class="af-nav__item "
                role="none"
              >
                <a
                  aria-expanded="false"
                  aria-haspopup="true"
                  aria-label="Rechercher"
                  class="af-nav__link"
                  href="/demos/search-members"
                  role="menuitem"
                  tabindex="-1"
                >
                  Rechercher
                </a>
              </li>
              <li
                class="af-nav__item "
                role="none"
              >
                <a
                  aria-expanded="false"
                  aria-haspopup="true"
                  aria-label="Modal"
                  class="af-nav__link"
                  href="/demos/modal"
                  role="menuitem"
                  tabindex="-1"
                >
                  Modal
                </a>
              </li>
              <li
                class="af-nav__item "
                role="none"
              >
                <a
                  aria-expanded="false"
                  aria-haspopup="true"
                  aria-label="Notification"
                  class="af-nav__link"
                  href="/demos/notification"
                  role="menuitem"
                  tabindex="-1"
                >
                  Notification
                </a>
              </li>
              <li
                class="af-nav__item af-nav__item--separator "
                role="none"
              >
                <span
                  aria-expanded="false"
                  class="af-nav__link"
                  role="menuitem"
                  tabindex="-1"
                >
                  Composants Toolkit
                </span>
              </li>
              <li
                class="af-nav__item "
                role="none"
              >
                <a
                  aria-expanded="false"
                  aria-haspopup="true"
                  aria-label="Button"
                  class="af-nav__link"
                  href="/demos/button"
                  role="menuitem"
                  tabindex="-1"
                >
                  Button
                </a>
              </li>
            </ul>
          </li>
          <li
            class="af-nav__item af-nav__item--haschild "
            role="none"
          >
            <span
              aria-expanded="false"
              class="af-nav__link"
              role="menuitem"
              tabindex="-1"
            >
              Pages
            </span>
            <i
              class="glyphicon glyphicon-arrow-xs-down"
            />
            <ul
              aria-label=""
              class="af-nav__list af-nav__list--children"
              role="menu"
            >
              <li
                class="af-nav__item "
                role="none"
              >
                <a
                  aria-expanded="false"
                  aria-haspopup="true"
                  aria-label="Not found"
                  class="af-nav__link"
                  href="/notfound"
                  role="menuitem"
                  tabindex="-1"
                >
                  Not found
                </a>
              </li>
              <li
                class="af-nav__item "
                role="none"
              >
                <a
                  aria-expanded="false"
                  aria-haspopup="true"
                  aria-label="Forbidden"
                  class="af-nav__link"
                  href="/forbidden"
                  role="menuitem"
                  tabindex="-1"
                >
                  Forbidden
                </a>
              </li>
            </ul>
          </li>
        </ul>
      </div>
    </nav>
  </div>
  <a
    aria-controls="mainmenu"
    aria-haspopup="true"
    class="btn af-title-bar__mobile-menu af-btn--circle"
    href="#"
    id="togglemenu"
    role="button"
    tabindex="0"
    title="Toggle menu"
  >
    <i
      class="glyphicon glyphicon-menu-hamburger"
    />
  </a>
  <div
    class="af-title-bar af-title-bar--backhome"
  >
    <div
      class="container af-title-bar__wrapper"
    >
      <h1
        class="af-title-bar__title"
      >
        Recherche de membres
      </h1>
      <a
        aria-label="Retour à l'accueil"
        class="btn af-btn--circle"
        href="/"
      >
        <i
          class="glyphicon glyphicon-home"
        />
      </a>
    </div>
  </div>
  <main
    class="container af-main"
  >
    <h1
      class="af-title--content"
    >
      Recherche par Nom
    </h1>
    <form
      autocomplete="off"
      class="af-filter-inline"
      id="form-search-members"
      name="form-search-members"
    >
      <div
        class="af-filter-inline__default af-filter-inline__default--search-distributors"
      >
        <div
          class="af-filter-inline__field"
        >
          <div
            class="col-md-12"
          >
            <div
              class="af-form__text"
            >
              <label
                class="af-form__group-label"
                for="name"
              >
                Nom du membre
              </label>
              <input
                autocomplete="search-name"
                class="af-form__input-text"
                id="name"
                name="name"
                placeholder="John Doe"
                type="text"
                value=""
              />
              <small
                class="af-form__help"
              >
                Minimum 3 caractères pour un nom
              </small>
            </div>
          </div>
        </div>
        <button
          class="btn af-btn af-btn--hasiconLeft af-btn--submitconfirm af-btn--disabled"
          disabled=""
          form="form-search-members"
          type="submit"
        >
          <span
            class="af-btn__text"
          >
            Rechercher
          </span>
          <i
            class="glyphicon glyphicon-search"
          />
        </button>
      </div>
    </form>
    <div
      class="af-loader"
    >
      <h2
        class="af-title"
      >
        Tableau des membres
      </h2>
      <table
        class="af-table"
      >
        <thead
          aria-label="table-header"
          class="af-table__thead"
        >
          <tr
            aria-label="table-header-line"
            class="af-table__tr"
          >
            <th
              class="af-table__th"
              role="columnheader"
            >
              <span
                class="af-table__th-label"
              >
                Prénom du membre
              </span>
            </th>
            <th
              class="af-table__th"
              role="columnheader"
            >
              <span
                class="af-table__th-label"
              >
                Nom du membre
              </span>
            </th>
            <th
              class="af-table__th"
              role="columnheader"
            >
              <span
                class="af-table__th-label"
              >
                Identifiant du membre
              </span>
            </th>
            <th
              class="af-table__th"
              role="columnheader"
            >
              <span
                class="af-table__th-label"
              >
                Actions
              </span>
            </th>
          </tr>
        </thead>
        <tbody
          aria-label="table-body"
          class="af-table__body"
        >
          <tr
            aria-label="table-body-line"
            class="af-table__tr"
          >
            <td
              class="af-table__cell"
            >
              nom du membre
            </td>
            <td
              class="af-table__cell"
            >
              nom du membre
            </td>
            <td
              class="af-table__cell"
            >
              1254689759
            </td>
            <td
              class="af-table__cell af-table__cell--actions"
            >
              <p>
                hello
              </p>
            </td>
          </tr>
        </tbody>
      </table>
    </div>
  </main>
  <footer
    class="af-footer"
  >
    <div
      class="container-fluid container"
    >
      <a
        class="af-logo"
        href="https://www.axa.fr/"
        target="blank"
        title="Site Axa"
      >
        <img
          alt="Logo Axa"
          class="af-logo__brand"
          src="logo-axa.svg"
        />
      </a>
      <div
        class="af-footer-content"
      >
        © 2022 AXA Tous droits réservés - v0.1.6
      </div>
    </div>
  </footer>
</DocumentFragment>
`;

exports[`<SearchMembers/> Should render SearchMembers 1`] = `
<DocumentFragment>
  <div
    class="af-header"
  >
    <div
      class="container af-header__wrapper"
    >
      <header
        class="af-header__content"
        role="banner"
      >
        <div
          class="af-header__name"
        >
          <a
            class="af-logo"
            href="/"
          >
            <img
              alt="Toolkit React Starter"
              class="af-logo__brand"
              src="slash-logo.svg"
            />
          </a>
          <h2
            class="af-header__title"
          >
            Toolkit React Starter
            <span
              class="af-header__subtitle"
            >
              by Slash Design System
            </span>
          </h2>
        </div>
        <div
          class="af-info-user"
        >
          <a
            class="af-info-user__link"
            href="#"
            title="Voir mon profil"
          >
            <span
              class="af-info-user__name"
            />
          </a>
        </div>
      </header>
    </div>
  </div>
  <div
    class="af-nav-container"
  >
    <button
      aria-controls="mainmenu"
      aria-haspopup="true"
      class="mask fade "
      id="togglemenu"
      type="button"
    />
    <nav
      aria-label="Menu principal"
      class="af-nav af-drawer left "
      role="navigation"
    >
      <div
        class="container af-nav__wrapper"
      >
        <div
          class="af-nav__aside-header"
        >
          <h4
            class="af-nav__aside-title"
          >
            Menu
          </h4>
          <button
            aria-controls="mainmenu"
            aria-haspopup="true"
            class="af-nav__aside-close"
            id="togglemenu"
            type="button"
          >
            ×
          </button>
        </div>
        <ul
          aria-labelledby="togglemenu"
          class="af-nav__list "
          id="mainmenu"
          role="menubar"
        >
          <li
            class="af-nav__item af-nav__item--active "
            role="none"
          >
            <a
              aria-expanded="false"
              aria-haspopup="true"
              aria-label="Accueil"
              class="af-nav__link"
              href="/"
              role="menuitem"
              tabindex="0"
            >
              Accueil
            </a>
          </li>
          <li
            class="af-nav__item af-nav__item--haschild "
            role="none"
          >
            <a
              aria-expanded="false"
              aria-haspopup="true"
              aria-label="Démos"
              class="af-nav__link"
              href="/demos"
              role="menuitem"
              tabindex="-1"
            >
              Démos
            </a>
            <i
              class="glyphicon glyphicon-arrow-xs-down"
            />
            <ul
              aria-label=""
              class="af-nav__list af-nav__list--children"
              role="menu"
            >
              <li
                class="af-nav__item af-nav__item--separator "
                role="none"
              >
                <span
                  aria-expanded="false"
                  class="af-nav__link"
                  role="menuitem"
                  tabindex="-1"
                >
                  Pages
                </span>
              </li>
              <li
                class="af-nav__item "
                role="none"
              >
                <a
                  aria-expanded="false"
                  aria-haspopup="true"
                  aria-label="Membres"
                  class="af-nav__link"
                  href="/demos/members"
                  role="menuitem"
                  tabindex="-1"
                >
                  Membres
                </a>
              </li>
              <li
                class="af-nav__item "
                role="none"
              >
                <a
                  aria-expanded="false"
                  aria-haspopup="true"
                  aria-label="Rechercher"
                  class="af-nav__link"
                  href="/demos/search-members"
                  role="menuitem"
                  tabindex="-1"
                >
                  Rechercher
                </a>
              </li>
              <li
                class="af-nav__item "
                role="none"
              >
                <a
                  aria-expanded="false"
                  aria-haspopup="true"
                  aria-label="Modal"
                  class="af-nav__link"
                  href="/demos/modal"
                  role="menuitem"
                  tabindex="-1"
                >
                  Modal
                </a>
              </li>
              <li
                class="af-nav__item "
                role="none"
              >
                <a
                  aria-expanded="false"
                  aria-haspopup="true"
                  aria-label="Notification"
                  class="af-nav__link"
                  href="/demos/notification"
                  role="menuitem"
                  tabindex="-1"
                >
                  Notification
                </a>
              </li>
              <li
                class="af-nav__item af-nav__item--separator "
                role="none"
              >
                <span
                  aria-expanded="false"
                  class="af-nav__link"
                  role="menuitem"
                  tabindex="-1"
                >
                  Composants Toolkit
                </span>
              </li>
              <li
                class="af-nav__item "
                role="none"
              >
                <a
                  aria-expanded="false"
                  aria-haspopup="true"
                  aria-label="Button"
                  class="af-nav__link"
                  href="/demos/button"
                  role="menuitem"
                  tabindex="-1"
                >
                  Button
                </a>
              </li>
            </ul>
          </li>
          <li
            class="af-nav__item af-nav__item--haschild "
            role="none"
          >
            <span
              aria-expanded="false"
              class="af-nav__link"
              role="menuitem"
              tabindex="-1"
            >
              Pages
            </span>
            <i
              class="glyphicon glyphicon-arrow-xs-down"
            />
            <ul
              aria-label=""
              class="af-nav__list af-nav__list--children"
              role="menu"
            >
              <li
                class="af-nav__item "
                role="none"
              >
                <a
                  aria-expanded="false"
                  aria-haspopup="true"
                  aria-label="Not found"
                  class="af-nav__link"
                  href="/notfound"
                  role="menuitem"
                  tabindex="-1"
                >
                  Not found
                </a>
              </li>
              <li
                class="af-nav__item "
                role="none"
              >
                <a
                  aria-expanded="false"
                  aria-haspopup="true"
                  aria-label="Forbidden"
                  class="af-nav__link"
                  href="/forbidden"
                  role="menuitem"
                  tabindex="-1"
                >
                  Forbidden
                </a>
              </li>
            </ul>
          </li>
        </ul>
      </div>
    </nav>
  </div>
  <a
    aria-controls="mainmenu"
    aria-haspopup="true"
    class="btn af-title-bar__mobile-menu af-btn--circle"
    href="#"
    id="togglemenu"
    role="button"
    tabindex="0"
    title="Toggle menu"
  >
    <i
      class="glyphicon glyphicon-menu-hamburger"
    />
  </a>
  <div
    class="af-title-bar af-title-bar--backhome"
  >
    <div
      class="container af-title-bar__wrapper"
    >
      <h1
        class="af-title-bar__title"
      >
        Recherche de membres
      </h1>
      <a
        aria-label="Retour à l'accueil"
        class="btn af-btn--circle"
        href="/"
      >
        <i
          class="glyphicon glyphicon-home"
        />
      </a>
    </div>
  </div>
  <main
    class="container af-main"
  >
    <h1
      class="af-title--content"
    >
      Recherche par Nom
    </h1>
    <form
      autocomplete="off"
      class="af-filter-inline"
      id="form-search-members"
      name="form-search-members"
    >
      <div
        class="af-filter-inline__default af-filter-inline__default--search-distributors"
      >
        <div
          class="af-filter-inline__field"
        >
          <div
            class="col-md-12"
          >
            <div
              class="af-form__text"
            >
              <label
                class="af-form__group-label"
                for="name"
              >
                Nom du membre
              </label>
              <input
                autocomplete="search-name"
                class="af-form__input-text"
                id="name"
                name="name"
                placeholder="John Doe"
                type="text"
                value=""
              />
              <small
                class="af-form__help"
              >
                Minimum 3 caractères pour un nom
              </small>
            </div>
          </div>
        </div>
        <button
          class="btn af-btn af-btn--hasiconLeft af-btn--submitconfirm af-btn--disabled"
          disabled=""
          form="form-search-members"
          type="submit"
        >
          <span
            class="af-btn__text"
          >
            Rechercher
          </span>
          <i
            class="glyphicon glyphicon-search"
          />
        </button>
      </div>
    </form>
    <div
      class="af-loader"
    >
      <h2
        class="af-title"
      >
        Tableau des membres
      </h2>
    </div>
  </main>
  <footer
    class="af-footer"
  >
    <div
      class="container-fluid container"
    >
      <a
        class="af-logo"
        href="https://www.axa.fr/"
        target="blank"
        title="Site Axa"
      >
        <img
          alt="Logo Axa"
          class="af-logo__brand"
          src="logo-axa.svg"
        />
      </a>
      <div
        class="af-footer-content"
      >
        © 2022 AXA Tous droits réservés - v0.1.6
      </div>
    </div>
  </footer>
</DocumentFragment>
`;
