// Jest Snapshot v1, https://goo.gl/fbAQLP

exports[`<TitleBar/> Render <TitleBar /> 1`] = `
<DocumentFragment>
  <div
    class="af-title-bar"
  >
    <div
      class="container af-title-bar__wrapper"
    >
      <div
        class="burger-container"
      >
        <a
          aria-controls="mainmenu"
          aria-haspopup="true"
          class="btn af-title-bar__mobile-menu af-btn--circle"
          href="/#"
          id="togglemenu"
          role="button"
          tabindex="0"
          title="Toggle menu"
        >
          <i
            class="glyphicon glyphicon-menu-hamburger"
          />
        </a>
      </div>
      <h1
        class="af-title-bar__title"
      >
        title
      </h1>
    </div>
  </div>
</DocumentFragment>
`;

exports[`<TitleBar/> Render <TitleBar /> with other classname and child 1`] = `
<DocumentFragment>
  <div
    class="other"
  >
    <div
      class="container af-title-bar__wrapper"
    >
      <div
        class="burger-container"
      >
        <a
          aria-controls="mainmenu"
          aria-haspopup="true"
          class="btn af-title-bar__mobile-menu af-btn--circle"
          href="/#"
          id="togglemenu"
          role="button"
          tabindex="0"
          title="Toggle menu"
        >
          <i
            class="glyphicon glyphicon-menu-hamburger"
          />
        </a>
      </div>
      <h1
        class="af-title-bar__title"
      >
        title
      </h1>
      <p>
        child
      </p>
    </div>
  </div>
</DocumentFragment>
`;

exports[`<TitleBar/> Should contain back home <Link /> when backHome is true 1`] = `
<DocumentFragment>
  <div
    class="af-title-bar"
  >
    <div
      class="container af-title-bar__wrapper"
    >
      <div
        class="burger-container"
      >
        <a
          aria-controls="mainmenu"
          aria-haspopup="true"
          class="btn af-title-bar__mobile-menu af-btn--circle"
          href="/#"
          id="togglemenu"
          role="button"
          tabindex="0"
          title="Toggle menu"
        >
          <i
            class="glyphicon glyphicon-menu-hamburger"
          />
        </a>
      </div>
      <h1
        class="af-title-bar__title"
      >
        title
      </h1>
      <a
        aria-label="Retour Ã  l'accueil"
        class="btn af-btn--circle"
        href="/"
      >
        <i
          class="glyphicon glyphicon-home"
        />
      </a>
    </div>
  </div>
</DocumentFragment>
`;
