// Jest Snapshot v1, https://goo.gl/fbAQLP

exports[`<SlashDesignSystem page/> Renders SlashDesignSystem page component without crashing 1`] = `<DocumentFragment />`;
