// Jest Snapshot v1, https://goo.gl/fbAQLP

exports[`FetchProvider Should Base have fetchCustom props when render FetchProvider with required props 1`] = `
<DocumentFragment>
  <div>
    haveFetchCustom
  </div>
</DocumentFragment>
`;
